// Jest Snapshot v1, https://goo.gl/fbAQLP

exports[`Test Create Component Should match snapshot 1`] = `
<DocumentFragment>
  <div
    class="taier__create__container"
  >
    <div
      class="taier__create__wrapper"
    >
      <div
        class="ant-spin-nested-loading"
      >
        <div
          class="ant-spin-container"
        >
          <form
            autocomplete="off"
            class="ant-form ant-form-vertical taier__create__form"
          >
            <div
              class="ant-form-item"
            >
              <div
                class="ant-row ant-form-item-row"
              >
                <div
                  class="ant-col ant-form-item-label"
                >
                  <label
                    class="ant-form-item-required"
                    for="name"
                    title="任务名称"
                  >
                    任务名称
                  </label>
                </div>
                <div
                  class="ant-col ant-form-item-control"
                >
                  <div
                    class="ant-form-item-control-input"
                  >
                    <div
                      class="ant-form-item-control-input-content"
                    >
                      <input
                        aria-required="true"
                        class="ant-input"
                        id="name"
                        placeholder="请输入任务名称"
                        type="text"
                        value=""
                      />
                    </div>
                  </div>
                </div>
              </div>
            </div>
            <div
              class="ant-form-item"
            >
              <div
                class="ant-row ant-form-item-row"
              >
                <div
                  class="ant-col ant-form-item-label"
                >
                  <label
                    class="ant-form-item-required"
                    for="taskType"
                    title="任务类型"
                  >
                    任务类型
                  </label>
                </div>
                <div
                  class="ant-col ant-form-item-control"
                >
                  <div
                    class="ant-form-item-control-input"
                  >
                    <div
                      class="ant-form-item-control-input-content"
                    >
                      <div
                        aria-required="true"
                        class="ant-select ant-select-in-form-item ant-select-single ant-select-show-arrow ant-select-show-search"
                      >
                        <div
                          class="ant-select-selector"
                        >
                          <span
                            class="ant-select-selection-search"
                          >
                            <input
                              aria-activedescendant="taskType_list_0"
                              aria-autocomplete="list"
                              aria-controls="taskType_list"
                              aria-haspopup="listbox"
                              aria-owns="taskType_list"
                              aria-required="true"
                              autocomplete="off"
                              class="ant-select-selection-search-input"
                              id="taskType"
                              role="combobox"
                              type="search"
                              value=""
                            />
                          </span>
                          <span
                            class="ant-select-selection-placeholder"
                          >
                            请选择任务类型
                          </span>
                        </div>
                        <span
                          aria-hidden="true"
                          class="ant-select-arrow"
                          style="user-select: none;"
                          unselectable="on"
                        >
                          <span
                            aria-label="down"
                            class="anticon anticon-down ant-select-suffix"
                            role="img"
                          >
                            <svg
                              aria-hidden="true"
                              data-icon="down"
                              fill="currentColor"
                              focusable="false"
                              height="1em"
                              viewBox="64 64 896 896"
                              width="1em"
                            >
                              <path
                                d="M884 256h-75c-5.1 0-9.9 2.5-12.9 6.6L512 654.2 227.9 262.6c-3-4.1-7.8-6.6-12.9-6.6h-75c-6.5 0-10.3 7.4-6.5 12.7l352.6 486.1c12.8 17.6 39 17.6 51.7 0l352.6-486.1c3.9-5.3.1-12.7-6.4-12.7z"
                              />
                            </svg>
                          </span>
                        </span>
                      </div>
                    </div>
                  </div>
                </div>
              </div>
            </div>
            <div
              class="ant-form-item"
            >
              <div
                class="ant-row ant-form-item-row"
              >
                <div
                  class="ant-col ant-form-item-control"
                >
                  <div
                    class="ant-form-item-control-input"
                  >
                    <div
                      class="ant-form-item-control-input-content"
                    >
                      <input
                        class="ant-input"
                        data-testid="syncModel"
                        id="syncModel"
                        type="text"
                        value=""
                      />
                    </div>
                  </div>
                </div>
              </div>
            </div>
            <div
              class="ant-form-item"
            >
              <div
                class="ant-row ant-form-item-row"
              >
                <div
                  class="ant-col ant-form-item-control"
                >
                  <div
                    class="ant-form-item-control-input"
                  >
                    <div
                      class="ant-form-item-control-input-content"
                    >
                      <input
                        class="ant-input"
                        data-testid="test"
                        id="test"
                        type="text"
                        value=""
                      />
                    </div>
                  </div>
                </div>
              </div>
            </div>
            <div
              class="ant-form-item"
            >
              <div
                class="ant-row ant-form-item-row"
              >
                <div
                  class="ant-col ant-form-item-control"
                >
                  <div
                    class="ant-form-item-control-input"
                  >
                    <div
                      class="ant-form-item-control-input-content"
                    >
                      <input
                        class="ant-input"
                        data-testid="test"
                        id="pythonVersion"
                        type="text"
                        value=""
                      />
                    </div>
                  </div>
                </div>
              </div>
            </div>
            <div
              class="ant-form-item"
            >
              <div
                class="ant-row ant-form-item-row"
              >
                <div
                  class="ant-col ant-form-item-label"
                >
                  <label
                    class="ant-form-item-required"
                    for="nodePid"
                    title="存储位置"
                  >
                    存储位置
                  </label>
                </div>
                <div
                  class="ant-col ant-form-item-control"
                >
                  <div
                    class="ant-form-item-control-input"
                  >
                    <div
                      class="ant-form-item-control-input-content"
                    >
                      <input
                        class="ant-input"
                        type="hidden"
                        value="1"
                      />
                      <div
                        aria-required="true"
                        class="ant-select ant-tree-select ant-select-in-form-item ant-select-single ant-select-show-arrow"
                      >
                        <div
                          class="ant-select-selector"
                        >
                          <span
                            class="ant-select-selection-search"
                          >
                            <input
                              aria-autocomplete="list"
                              aria-controls="nodePid_list"
                              aria-haspopup="listbox"
                              aria-owns="nodePid_list"
                              aria-required="true"
                              autocomplete="off"
                              class="ant-select-selection-search-input"
                              id="nodePid"
                              readonly=""
                              role="combobox"
                              style="opacity: 0;"
                              type="search"
                              unselectable="on"
                              value=""
                            />
                          </span>
                          <span
                            class="ant-select-selection-item"
                            title="1"
                          >
                            1
                          </span>
                        </div>
                        <span
                          aria-hidden="true"
                          class="ant-select-arrow"
                          style="user-select: none;"
                          unselectable="on"
                        >
                          <span
                            aria-label="down"
                            class="anticon anticon-down ant-select-suffix"
                            role="img"
                          >
                            <svg
                              aria-hidden="true"
                              data-icon="down"
                              fill="currentColor"
                              focusable="false"
                              height="1em"
                              viewBox="64 64 896 896"
                              width="1em"
                            >
                              <path
                                d="M884 256h-75c-5.1 0-9.9 2.5-12.9 6.6L512 654.2 227.9 262.6c-3-4.1-7.8-6.6-12.9-6.6h-75c-6.5 0-10.3 7.4-6.5 12.7l352.6 486.1c12.8 17.6 39 17.6 51.7 0l352.6-486.1c3.9-5.3.1-12.7-6.4-12.7z"
                              />
                            </svg>
                          </span>
                        </span>
                      </div>
                    </div>
                  </div>
                </div>
              </div>
            </div>
            <div
              class="ant-form-item"
            >
              <div
                class="ant-row ant-form-item-row"
              >
                <div
                  class="ant-col ant-form-item-label"
                >
                  <label
                    class=""
                    for="taskDesc"
                    title="描述"
                  >
                    描述
                  </label>
                </div>
                <div
                  class="ant-col ant-form-item-control"
                >
                  <div
                    class="ant-form-item-control-input"
                  >
                    <div
                      class="ant-form-item-control-input-content"
                    >
                      <textarea
                        class="ant-input"
                        id="taskDesc"
                        placeholder="请输入描述"
                        rows="4"
                      />
                    </div>
                  </div>
                </div>
              </div>
            </div>
            <div
              class="ant-form-item ant-form-item-hidden"
            >
              <div
                class="ant-row ant-form-item-row"
              >
                <div
                  class="ant-col ant-form-item-control"
                >
                  <div
                    class="ant-form-item-control-input"
                  >
                    <div
                      class="ant-form-item-control-input-content"
                    />
                  </div>
                </div>
              </div>
            </div>
            <div
              class="ant-form-item"
            >
              <div
                class="ant-row ant-form-item-row"
              >
                <div
                  class="ant-col ant-form-item-control"
                >
                  <div
                    class="ant-form-item-control-input"
                  >
                    <div
                      class="ant-form-item-control-input-content"
                    >
                      <button
                        class="ant-btn ant-btn-primary"
                        type="submit"
                      >
                        <span>
                          确 认
                        </span>
                      </button>
                    </div>
                  </div>
                </div>
              </div>
            </div>
          </form>
        </div>
      </div>
    </div>
  </div>
</DocumentFragment>
`;
