// Jest Snapshot v1, https://goo.gl/fbAQLP

exports[`Test Result Component Should match snapshot 1`] = `
<DocumentFragment>
  <div
    class="c-ide-result"
  >
    <div
      data-testid="Scrollbar"
    >
      <div
        class="dtc-handsontable-no-border handsontable htRowHeaders htColumnHeaders"
        data-originalstyle="width: 100%;"
        id="hot-"
        style="width: 100%;"
      >
        <div
          class="ht_master handsontable"
          style="overflow: visible;"
        >
          <div
            class="wtHolder"
            style="position: relative; overflow: visible;"
          >
            <div
              class="wtHider"
              style="width: 150px; height: 47px;"
            >
              <div
                class="wtSpreader"
                style="position: relative; top: 0px; left: 0px;"
              >
                <table
                  class="htCore"
                >
                  <colgroup>
                    <col
                      class="rowHeader"
                      style="width: 50px;"
                    />
                    <col
                      style="width: 50px;"
                    />
                  </colgroup>
                  <thead>
                    <tr>
                      <th
                        class=""
                        style="height: 25px;"
                      >
                        <div
                          class="relative"
                        >
                          <span
                            class="colHeader cornerHeader"
                          >
                             
                          </span>
                        </div>
                      </th>
                      <th
                        class=""
                      >
                        <div
                          class="relative"
                        >
                          <span
                            class="colHeader"
                          >
                            age
                          </span>
                        </div>
                      </th>
                    </tr>
                  </thead>
                  <tbody>
                    <tr>
                      <th
                        class=""
                      >
                        <div
                          class="relative"
                        >
                          <span
                            class="rowHeader"
                          >
                            1
                          </span>
                        </div>
                      </th>
                      <td
                        class="dtc-handsontable-no-border htDimmed"
                      >
                        1
                      </td>
                    </tr>
                  </tbody>
                </table>
                <div
                  class="htBorders"
                >
                  <div
                    style="position: absolute; top: 0px; left: 0px;"
                  >
                    <div
                      class="wtBorder current"
                      style="background-color: rgb(75, 137, 255); height: 2px; width: 2px; display: none;"
                    />
                    <div
                      class="wtBorder current"
                      style="background-color: rgb(75, 137, 255); height: 2px; width: 2px; display: none;"
                    />
                    <div
                      class="wtBorder current"
                      style="background-color: rgb(75, 137, 255); height: 2px; width: 2px; display: none;"
                    />
                    <div
                      class="wtBorder current"
                      style="background-color: rgb(75, 137, 255); height: 2px; width: 2px; display: none;"
                    />
                    <div
                      class="wtBorder current corner"
                      style="background-color: rgb(75, 137, 255); height: 6px; width: 6px; border: 1px solid #fff; display: none;"
                    />
                  </div>
                </div>
              </div>
            </div>
          </div>
        </div>
        <div
          class="ht_clone_top handsontable"
          style="position: absolute; top: 0px; left: 0px; overflow: visible; height: 0px; transform: translate3d(0,0px,0);"
        >
          <div
            class="wtHolder"
            style="position: relative; height: 3px;"
          >
            <div
              class="wtHider"
              style="width: 150px;"
            >
              <div
                class="wtSpreader"
                style="position: relative; left: 0px;"
              >
                <table
                  class="htCore"
                >
                  <colgroup>
                    <col
                      class="rowHeader"
                      style="width: 50px;"
                    />
                    <col
                      style="width: 50px;"
                    />
                  </colgroup>
                  <thead>
                    <tr>
                      <th
                        class=""
                        style="height: 25px;"
                      >
                        <div
                          class="relative"
                        >
                          <span
                            class="colHeader cornerHeader"
                          >
                             
                          </span>
                        </div>
                      </th>
                      <th
                        class=""
                      >
                        <div
                          class="relative"
                        >
                          <span
                            class="colHeader"
                          >
                            age
                          </span>
                        </div>
                      </th>
                    </tr>
                  </thead>
                  <tbody />
                </table>
              </div>
            </div>
          </div>
        </div>
        <div
          class="ht_clone_bottom handsontable"
          style="position: absolute; top: 0px; left: 0px; overflow: visible;"
        >
          <div
            class="wtHolder"
            style="position: relative;"
          >
            <div
              class="wtHider"
            >
              <div
                class="wtSpreader"
                style="position: relative;"
              >
                <table
                  class="htCore"
                >
                  <colgroup />
                  <thead>
                    <tr />
                  </thead>
                  <tbody />
                </table>
              </div>
            </div>
          </div>
        </div>
        <div
          class="ht_clone_left handsontable"
          style="position: absolute; top: 0px; left: 0px; overflow: visible; width: 0px; transform: translate3d(0px,0,0);"
        >
          <div
            class="wtHolder"
            style="position: relative; width: 3px;"
          >
            <div
              class="wtHider"
              style="height: 47px;"
            >
              <div
                class="wtSpreader"
                style="position: relative; top: 0px;"
              >
                <table
                  class="htCore"
                >
                  <colgroup>
                    <col
                      class="rowHeader"
                      style="width: 50px;"
                    />
                  </colgroup>
                  <thead>
                    <tr>
                      <th
                        class=""
                        style="height: 25px;"
                      >
                        <div
                          class="relative"
                        >
                          <span
                            class="colHeader cornerHeader"
                          >
                             
                          </span>
                        </div>
                      </th>
                    </tr>
                  </thead>
                  <tbody>
                    <tr>
                      <th
                        class=""
                      >
                        <div
                          class="relative"
                        >
                          <span
                            class="rowHeader"
                          >
                            1
                          </span>
                        </div>
                      </th>
                    </tr>
                  </tbody>
                </table>
                <div
                  class="htBorders"
                >
                  <div
                    style="position: absolute; top: 0px; left: 0px;"
                  >
                    <div
                      class="wtBorder fill"
                      style="background-color: rgb(255, 0, 0); height: 1px; width: 1px; display: none;"
                    />
                    <div
                      class="wtBorder fill"
                      style="background-color: rgb(255, 0, 0); height: 1px; width: 1px; display: none;"
                    />
                    <div
                      class="wtBorder fill"
                      style="background-color: rgb(255, 0, 0); height: 1px; width: 1px; display: none;"
                    />
                    <div
                      class="wtBorder fill"
                      style="background-color: rgb(255, 0, 0); height: 1px; width: 1px; display: none;"
                    />
                    <div
                      class="wtBorder fill corner"
                      style="background-color: rgb(255, 0, 0); height: 6px; width: 6px; border: 1px solid #fff; display: none;"
                    />
                  </div>
                </div>
              </div>
            </div>
          </div>
        </div>
        <div
          class="ht_clone_top_left_corner handsontable"
          style="position: absolute; top: 0px; left: 0px; overflow: visible; transform: translate3d(0,0,0); height: 0px; width: 0px;"
        >
          <div
            class="wtHolder"
            style="position: relative;"
          >
            <div
              class="wtHider"
            >
              <div
                class="wtSpreader"
                style="position: relative;"
              >
                <table
                  class="htCore"
                >
                  <colgroup>
                    <col
                      class="rowHeader"
                      style="width: 50px;"
                    />
                  </colgroup>
                  <thead>
                    <tr>
                      <th
                        class=""
                        style="height: 25px;"
                      >
                        <div
                          class="relative"
                        >
                          <span
                            class="colHeader cornerHeader"
                          >
                             
                          </span>
                        </div>
                      </th>
                    </tr>
                  </thead>
                  <tbody />
                </table>
              </div>
            </div>
          </div>
        </div>
      </div>
    </div>
    <div
      class="c-ide-result__tools"
    >
      <span
        data-testid="extraView"
      />
      <span
        class="c-ide-result__tools__pagination"
      >
        <ul
          class="ant-pagination ant-pagination-mini"
        >
          <li
            aria-disabled="true"
            class="ant-pagination-prev ant-pagination-disabled"
            title="Previous Page"
          >
            <button
              class="ant-pagination-item-link"
              disabled=""
              tabindex="-1"
              type="button"
            >
              <span
                aria-label="left"
                class="anticon anticon-left"
                role="img"
              >
                <svg
                  aria-hidden="true"
                  data-icon="left"
                  fill="currentColor"
                  focusable="false"
                  height="1em"
                  viewBox="64 64 896 896"
                  width="1em"
                >
                  <path
                    d="M724 218.3V141c0-6.7-7.7-10.4-12.9-6.3L260.3 486.8a31.86 31.86 0 000 50.3l450.8 352.1c5.3 4.1 12.9.4 12.9-6.3v-77.3c0-4.9-2.3-9.6-6.1-12.6l-360-281 360-281.1c3.8-3 6.1-7.7 6.1-12.6z"
                  />
                </svg>
              </span>
            </button>
          </li>
          <li
            class="ant-pagination-item ant-pagination-item-1 ant-pagination-item-active"
            tabindex="0"
            title="1"
          >
            <a
              rel="nofollow"
            >
              1
            </a>
          </li>
          <li
            aria-disabled="true"
            class="ant-pagination-next ant-pagination-disabled"
            title="Next Page"
          >
            <button
              class="ant-pagination-item-link"
              disabled=""
              tabindex="-1"
              type="button"
            >
              <span
                aria-label="right"
                class="anticon anticon-right"
                role="img"
              >
                <svg
                  aria-hidden="true"
                  data-icon="right"
                  fill="currentColor"
                  focusable="false"
                  height="1em"
                  viewBox="64 64 896 896"
                  width="1em"
                >
                  <path
                    d="M765.7 486.8L314.9 134.7A7.97 7.97 0 00302 141v77.3c0 4.9 2.3 9.6 6.1 12.6l360 281.1-360 281.1c-3.9 3-6.1 7.7-6.1 12.6V883c0 6.7 7.7 10.4 12.9 6.3l450.8-352.1a31.96 31.96 0 000-50.4z"
                  />
                </svg>
              </span>
            </button>
          </li>
          <li
            class="ant-pagination-options"
          >
            <div
              aria-label="Page Size"
              class="ant-select ant-select-sm ant-pagination-options-size-changer ant-select-single ant-select-show-arrow"
            >
              <div
                class="ant-select-selector"
              >
                <span
                  class="ant-select-selection-search"
                >
                  <input
                    aria-activedescendant="rc_select_TEST_OR_SSR_list_0"
                    aria-autocomplete="list"
                    aria-controls="rc_select_TEST_OR_SSR_list"
                    aria-expanded="false"
                    aria-haspopup="listbox"
                    aria-label="Page Size"
                    aria-owns="rc_select_TEST_OR_SSR_list"
                    autocomplete="off"
                    class="ant-select-selection-search-input"
                    id="rc_select_TEST_OR_SSR"
                    readonly=""
                    role="combobox"
                    style="opacity: 0;"
                    type="search"
                    unselectable="on"
                    value=""
                  />
                </span>
                <span
                  class="ant-select-selection-item"
                  title="10 / page"
                >
                  10 / page
                </span>
              </div>
              <span
                aria-hidden="true"
                class="ant-select-arrow"
                style="user-select: none;"
                unselectable="on"
              >
                <span
                  aria-label="down"
                  class="anticon anticon-down ant-select-suffix"
                  role="img"
                >
                  <svg
                    aria-hidden="true"
                    data-icon="down"
                    fill="currentColor"
                    focusable="false"
                    height="1em"
                    viewBox="64 64 896 896"
                    width="1em"
                  >
                    <path
                      d="M884 256h-75c-5.1 0-9.9 2.5-12.9 6.6L512 654.2 227.9 262.6c-3-4.1-7.8-6.6-12.9-6.6h-75c-6.5 0-10.3 7.4-6.5 12.7l352.6 486.1c12.8 17.6 39 17.6 51.7 0l352.6-486.1c3.9-5.3.1-12.7-6.4-12.7z"
                    />
                  </svg>
                </span>
              </span>
            </div>
          </li>
        </ul>
      </span>
    </div>
  </div>
</DocumentFragment>
`;
