// Jest Snapshot v1, https://goo.gl/fbAQLP

exports[`Test Language Component Should match snapshot 1`] = `
<DocumentFragment>
  <span>
    spark
  </span>
</DocumentFragment>
`;
