// Jest Snapshot v1, https://goo.gl/fbAQLP

exports[`Test FullScreen Component Should match snapshot 1`] = `
<DocumentFragment>
  <span
    data-testid="test_keyCombiner"
  >
    <button
      class="ant-btn ant-btn-default"
      data-testid="test_myButton"
      type="button"
    >
      <img
        class="dtc-fullscreen-icon"
        data-testid="test_myIcon"
        src="data:image/svg+xml;base64,PD94bWwgdmVyc2lvbj0iMS4wIiBzdGFuZGFsb25lPSJubyI/PjwhRE9DVFlQRSBzdmcgUFVCTElDICItLy9XM0MvL0RURCBTVkcgMS4xLy9FTiIgImh0dHA6Ly93d3cudzMub3JnL0dyYXBoaWNzL1NWRy8xLjEvRFREL3N2ZzExLmR0ZCI+PHN2ZyB0PSIxNTMyMDcwODIxNTI3IiBjbGFzcz0iaWNvbiIgc3R5bGU9IiIgdmlld0JveD0iMCAwIDEwMjQgMTAyNCIgdmVyc2lvbj0iMS4xIiB4bWxucz0iaHR0cDovL3d3dy53My5vcmcvMjAwMC9zdmciIHAtaWQ9IjM3MzciIHhtbG5zOnhsaW5rPSJodHRwOi8vd3d3LnczLm9yZy8xOTk5L3hsaW5rIiB3aWR0aD0iMjAwIiBoZWlnaHQ9IjIwMCI+PGRlZnM+PHN0eWxlIHR5cGU9InRleHQvY3NzIj48L3N0eWxlPjwvZGVmcz48cGF0aCBkPSJNMzM5LjQzMiA2My41OTRIOTkuOTQ0Yy0xOS44NTEgMC0zNiAxNi4xNDktMzYgMzZ2MjM5LjQ4OGMwIDE3LjY3MyAxNC4zMjcgMzIgMzIgMzJzMzItMTQuMzI3IDMyLTMyVjEyNy41OTRoMjExLjQ4N2MxNy42NzMgMCAzMi0xNC4zMjcgMzItMzIgMC4wMDEtMTcuNjczLTE0LjMyNi0zMi0zMS45OTktMzJ6TTMzOS40MzIgODk1LjUwM0gxMjcuOTQ0VjY4NC4wMTZjMC0xNy42NzMtMTQuMzI3LTMyLTMyLTMycy0zMiAxNC4zMjctMzIgMzJ2MjM5LjQ4N2MwIDE5Ljg1MSAxNi4xNDkgMzYgMzYgMzZoMjM5LjQ4N2MxNy42NzMgMCAzMi0xNC4zMjcgMzItMzJzLTE0LjMyNi0zMi0zMS45OTktMzJ6TTkyOCA2NTEuOTE1Yy0xNy42NzMgMC0zMiAxNC4zMjctMzIgMzJ2MjExLjQ4N0g2ODQuNTEzYy0xNy42NzMgMC0zMiAxNC4zMjctMzIgMzJzMTQuMzI3IDMyIDMyIDMySDkyNGMxOS44NTEgMCAzNi0xNi4xNDkgMzYtMzZWNjgzLjkxNWMwLTE3LjY3My0xNC4zMjctMzItMzItMzJ6TTkyNCA2NC4xNTFINjg0LjUxM2MtMTcuNjczIDAtMzIgMTQuMzI3LTMyIDMyczE0LjMyNyAzMiAzMiAzMkg4OTZ2MjExLjQ4OGMwIDE3LjY3MyAxNC4zMjcgMzIgMzIgMzJzMzItMTQuMzI3IDMyLTMyVjEwMC4xNTFjMC0xOS44NTEtMTYuMTQ5LTM2LTM2LTM2eiIgZmlsbD0iIzUxNTE1MSIgcC1pZD0iMzczOCI+PC9wYXRoPjwvc3ZnPg=="
      />
      <span>
        全屏
      </span>
    </button>
  </span>
</DocumentFragment>
`;
