// Jest Snapshot v1, https://goo.gl/fbAQLP

exports[`Test GraphTimeRange Component Should match snapshot 1`] = `
<DocumentFragment>
  <div
    class="graph-time graph-time-range"
  >
    <button
      class="ant-btn ant-btn-default btn-prev"
      type="button"
    >
      <span
        aria-label="minus"
        class="anticon anticon-minus"
        role="img"
      >
        <svg
          aria-hidden="true"
          data-icon="minus"
          fill="currentColor"
          focusable="false"
          height="1em"
          viewBox="64 64 896 896"
          width="1em"
        >
          <path
            d="M872 474H152c-4.4 0-8 3.6-8 8v60c0 4.4 3.6 8 8 8h720c4.4 0 8-3.6 8-8v-60c0-4.4-3.6-8-8-8z"
          />
        </svg>
      </span>
    </button>
    <input
      class="ant-input"
      type="text"
      value="10m"
    />
    <button
      class="ant-btn ant-btn-default btn-next"
      type="button"
    >
      <span
        aria-label="plus"
        class="anticon anticon-plus"
        role="img"
      >
        <svg
          aria-hidden="true"
          data-icon="plus"
          fill="currentColor"
          focusable="false"
          height="1em"
          viewBox="64 64 896 896"
          width="1em"
        >
          <defs>
            <style />
          </defs>
          <path
            d="M482 152h60q8 0 8 8v704q0 8-8 8h-60q-8 0-8-8V160q0-8 8-8z"
          />
          <path
            d="M176 474h672q8 0 8 8v60q0 8-8 8H176q-8 0-8-8v-60q0-8 8-8z"
          />
        </svg>
      </span>
    </button>
  </div>
</DocumentFragment>
`;
