// Jest Snapshot v1, https://goo.gl/fbAQLP

exports[`test SearchInput should take a snapshot 1`] = `
<DocumentFragment>
  <span
    class="ant-input-affix-wrapper"
    style="width: 200px;"
  >
    <input
      class="ant-input"
      placeholder="请输入数据源名称或描述"
      type="text"
      value=""
    />
    <span
      class="ant-input-suffix"
    >
      <i
        aria-label="icon: search"
        class="anticon anticon-search"
        style="cursor: pointer; color: rgb(153, 153, 153);"
        tabindex="-1"
      >
        <svg
          aria-hidden="true"
          class=""
          data-icon="search"
          fill="currentColor"
          focusable="false"
          height="1em"
          viewBox="64 64 896 896"
          width="1em"
        >
          <path
            d="M909.6 854.5L649.9 594.8C690.2 542.7 712 479 712 412c0-80.2-31.3-155.4-87.9-212.1-56.6-56.7-132-87.9-212.1-87.9s-155.5 31.3-212.1 87.9C143.2 256.5 112 331.8 112 412c0 80.1 31.3 155.5 87.9 212.1C256.5 680.8 331.8 712 412 712c67 0 130.6-21.8 182.7-62l259.7 259.6a8.2 8.2 0 0 0 11.6 0l43.6-43.5a8.2 8.2 0 0 0 0-11.6zM570.4 570.4C528 612.7 471.8 636 412 636s-116-23.3-158.4-65.6C211.3 528 188 471.8 188 412s23.3-116.1 65.6-158.4C296 211.3 352.2 188 412 188s116.1 23.2 158.4 65.6S636 352.2 636 412s-23.3 116.1-65.6 158.4z"
          />
        </svg>
      </i>
    </span>
  </span>
</DocumentFragment>
`;
