// Jest Snapshot v1, https://goo.gl/fbAQLP

exports[`Test CustomDrawer Component Should match snapshot 1`] = `
<body>
  <div />
  <div
    class="ant-drawer ant-drawer-right ant-drawer-open"
    style="position: absolute;"
    tabindex="-1"
  >
    <div
      class="ant-drawer-mask"
    />
    <div
      aria-hidden="true"
      data-sentinel="start"
      style="width: 0px; height: 0px; overflow: hidden; outline: none; position: absolute;"
      tabindex="0"
    />
    <div
      class="ant-drawer-content-wrapper"
      style="width: 80%;"
    >
      <div
        aria-modal="true"
        class="ant-drawer-content"
        role="dialog"
      >
        <div
          class="ant-drawer-wrapper-body"
        >
          <div
            class="ant-drawer-header ant-drawer-header-close-only"
          >
            <div
              class="ant-drawer-header-title"
            >
              <button
                aria-label="Close"
                class="ant-drawer-close"
                type="button"
              >
                <span
                  aria-label="close"
                  class="anticon anticon-close"
                  role="img"
                >
                  <svg
                    aria-hidden="true"
                    data-icon="close"
                    fill="currentColor"
                    focusable="false"
                    height="1em"
                    viewBox="64 64 896 896"
                    width="1em"
                  >
                    <path
                      d="M563.8 512l262.5-312.9c4.4-5.2.7-13.1-6.1-13.1h-79.8c-4.7 0-9.2 2.1-12.3 5.7L511.6 449.8 295.1 191.7c-3-3.6-7.5-5.7-12.3-5.7H203c-6.8 0-10.5 7.9-6.1 13.1L459.4 512 196.9 824.9A7.95 7.95 0 00203 838h79.8c4.7 0 9.2-2.1 12.3-5.7l216.5-258.1 216.5 258.1c3 3.6 7.5 5.7 12.3 5.7h79.8c6.8 0 10.5-7.9 6.1-13.1L563.8 512z"
                    />
                  </svg>
                </span>
              </button>
            </div>
          </div>
          <div
            class="ant-drawer-body"
          />
        </div>
      </div>
    </div>
    <div
      aria-hidden="true"
      data-sentinel="end"
      style="width: 0px; height: 0px; overflow: hidden; outline: none; position: absolute;"
      tabindex="0"
    />
  </div>
</body>
`;
